[38;5;112m[Appium][0m Welcome to Appium v2.10.3
[38;5;112m[Appium][0m Non-default server args:
[38;5;112m[Appium][0m { basePath: [32m'/wd/hub'[39m, loglevel: [32m'info'[39m, port: [33m57034[39m }
[38;5;112m[Appium][0m Attempting to load driver xcuitest...
[38;5;112m[Appium][0m Attempting to load driver uiautomator2...
[38;5;112m[Appium][0m Appium REST http interface listener started on http://0.0.0.0:57034/wd/hub
[38;5;112m[Appium][0m You can provide the following URLs in your client code to connect to this server:
	http://192.168.1.15:57034/wd/hub
	http://127.0.0.1:57034/wd/hub (only accessible from the same host)
[38;5;112m[Appium][0m Available drivers:
[38;5;112m[Appium][0m   - xcuitest@5.0.0 (automationName 'XCUITest')
[38;5;112m[Appium][0m   - uiautomator2@2.45.1 (automationName 'UiAutomator2')
[38;5;112m[Appium][0m No plugins have been installed. Use the "appium plugin" command to install the one(s) you want to use.
[38;5;86m[HTTP][0m [37m-->[39m [37mGET[39m [37m/wd/hub/status[39m [90m{}[39m
[38;5;86m[HTTP][0m [37m<-- GET /wd/hub/status [39m[32m200[39m [90m5 ms - 111[39m [90m[39m
[38;5;86m[HTTP][0m [37m-->[39m [37mPOST[39m [37m/wd/hub/session[39m [90m{"desiredCapabilities":{"appium:systemPort":57033,"appium:newCommandTimeout":1800,"appium:appWaitActivity":"*","appium:automationName":"uiautomator2","appium:fullReset":true,"appium:platformVersion":"11","appium:deviceId":"","appium:noReset":false,"appium:udid":"emulator-5554","appium:autoGrantPermissions":true,"appium:platformName":"ANDROID","appium:deviceName":"emulator-5554 (sdk_gphone_x86 - Android 11)","platformName":"Android","appium:app":"D:\\bootcamp\\Katalon\\Katalon_Tugas\\educy-git\\MobileAPP\\HappyDayShopping_1.1.apk"},"capabilities":{"firstMatch":[{"appium:app":"D:\\bootcamp\\Katalon\\Katalon_Tugas\\educy-git\\MobileAPP\\HappyDayShopping_1.1.apk","appium:appWaitActivity":"*","appium:autoGrantPermissions":true,"appium:automationName":"uiautomator2","appium:deviceId":"","appium:deviceName":"emulator-5554 (sdk_gphone_x86 - Android 11)","appium:fullReset":true,"appium:newCommandTimeout":1800,"appium:noReset":false,"appium:platformName":"ANDROID","appium:platformVersion":"11","appium:systemPort":57...[39m
[38;5;123m[BaseDriver][0m Ignoring capability 'appium:platformName=ANDROID' and using capability 'platformName=android'
[38;5;123m[BaseDriver][0m The capabilities ["platformName"] are standard capabilities and do not require "appium:" prefix
[38;5;112m[Appium][0m Attempting to find matching driver for automationName 'uiautomator2' and platformName 'android'
[38;5;112m[Appium][0m The 'uiautomator2' driver was installed and matched caps.
[38;5;112m[Appium][0m Will require it at C:\Users\ThinkPad\.appium\node_modules\appium-uiautomator2-driver
[38;5;18m[AppiumDriver@b422][0m Appium v2.10.3 creating new AndroidUiautomator2Driver (v2.45.1) session
[38;5;18m[AppiumDriver@b422][0m Checking BaseDriver versions for Appium and AndroidUiautomator2Driver
[38;5;18m[AppiumDriver@b422][0m Appium's BaseDriver version is 9.10.3
[38;5;18m[AppiumDriver@b422][0m AndroidUiautomator2Driver's BaseDriver version is 9.10.3
[38;5;-164m[AndroidUiautomator2Driver@fbb1][0m The following provided capabilities were not recognized by this driver:
[38;5;-164m[AndroidUiautomator2Driver@fbb1][0m   deviceId
[38;5;-164m[AndroidUiautomator2Driver@fbb1][0m Session created with session id: b5c43141-82d9-42b2-95a6-1a5888bd1b88
[38;5;229m[ADB][0m Found 2 'build-tools' folders under 'C:\Users\ThinkPad\AppData\Local\Android\Sdk' (newest first):
[38;5;229m[ADB][0m     C:\Users\ThinkPad\AppData\Local\Android\Sdk\build-tools\35.0.0
[38;5;229m[ADB][0m     C:\Users\ThinkPad\AppData\Local\Android\Sdk\build-tools\34.0.0
[38;5;229m[ADB][0m Using 'adb.exe' from 'C:\Users\ThinkPad\AppData\Local\Android\Sdk\platform-tools\adb.exe'
[38;5;-164m[AndroidUiautomator2Driver@fbb1][0m Retrieving device list
[38;5;-164m[AndroidUiautomator2Driver@fbb1][0m Using device: emulator-5554
[38;5;229m[ADB][0m Using 'adb.exe' from 'C:\Users\ThinkPad\AppData\Local\Android\Sdk\platform-tools\adb.exe'
[38;5;123m[BaseDriver][0m Using local app 'D:\bootcamp\Katalon\Katalon_Tugas\educy-git\MobileAPP\HappyDayShopping_1.1.apk'
[38;5;229m[ADB][0m Getting device platform version
[38;5;-164m[AndroidUiautomator2Driver@fbb1][0m Relaxing hidden api policy
[38;5;229m[ADB][0m Package name: 'com.ecwid.ShopAt.HappyDayShopping'
[38;5;229m[ADB][0m Main activity name: 'com.pb.MainActivity'
[38;5;229m[ADB][0m Using 'apksigner.jar' from 'C:\Users\ThinkPad\AppData\Local\Android\Sdk\build-tools\35.0.0\lib\apksigner.jar'
[38;5;229m[ADB][0m 'C:\Users\ThinkPad\.appium\node_modules\appium-uiautomator2-driver\node_modules\appium-uiautomator2-server\apks\appium-uiautomator2-server-debug-androidTest.apk' is signed with the default certificate
[38;5;229m[ADB][0m 'D:\bootcamp\Katalon\Katalon_Tugas\educy-git\MobileAPP\HappyDayShopping_1.1.apk' is signed with a non-default certificate
[38;5;229m[ADB][0m com.ecwid.ShopAt.HappyDayShopping was not uninstalled, because it was not present on the device
[38;5;229m[ADB][0m The application at 'D:\bootcamp\Katalon\Katalon_Tugas\educy-git\MobileAPP\HappyDayShopping_1.1.apk' will not be cached, because the device under test has confirmed the support of streamed installs
[38;5;229m[ADB][0m 'C:\Users\ThinkPad\.appium\node_modules\appium-uiautomator2-driver\node_modules\appium-uiautomator2-server\apks\appium-uiautomator2-server-v6.0.9.apk' is signed with the default certificate
[38;5;-164m[AndroidUiautomator2Driver@fbb1][0m Server packages are not going to be (re)installed
[38;5;229m[ADB][0m Adding packages ["io.appium.settings","io.appium.uiautomator2.server","io.appium.uiautomator2.server.test"] to Doze whitelist
[38;5;229m[ADB][0m The installation of 'HappyDayShopping_1.1.apk' took 4497ms
[38;5;-164m[AndroidUiautomator2Driver@fbb1][0m Starting UIAutomator2 server 6.0.9
[38;5;-164m[AndroidUiautomator2Driver@fbb1][0m Using UIAutomator2 server from 'C:\Users\ThinkPad\.appium\node_modules\appium-uiautomator2-driver\node_modules\appium-uiautomator2-server\apks\appium-uiautomator2-server-v6.0.9.apk' and test from 'C:\Users\ThinkPad\.appium\node_modules\appium-uiautomator2-driver\node_modules\appium-uiautomator2-server\apks\appium-uiautomator2-server-debug-androidTest.apk'
[38;5;-164m[AndroidUiautomator2Driver@fbb1][0m Waiting up to 30000ms for UiAutomator2 to be online...
[38;5;-164m[AndroidUiautomator2Driver@fbb1][0m socket hang up
[38;5;-164m[AndroidUiautomator2Driver@fbb1][0m socket hang up
[38;5;-164m[AndroidUiautomator2Driver@fbb1][0m socket hang up
[38;5;-164m[AndroidUiautomator2Driver@fbb1][0m Determined the downstream protocol as 'W3C'
[38;5;-164m[AndroidUiautomator2Driver@fbb1][0m Screen already unlocked, doing nothing
[38;5;-164m[AndroidUiautomator2Driver@fbb1][0m Starting 'com.ecwid.ShopAt.HappyDayShopping/com.pb.MainActivity and waiting for 'com.ecwid.ShopAt.HappyDayShopping/*'
[38;5;18m[AppiumDriver@b422][0m New AndroidUiautomator2Driver session created successfully, session b5c43141-82d9-42b2-95a6-1a5888bd1b88 added to master session list
[38;5;86m[HTTP][0m [37m<-- POST /wd/hub/session [39m[32m200[39m [90m13885 ms - 1364[39m [90m[39m
[38;5;65m[b5c43141][0m[38;5;86m[HTTP][0m [37m-->[39m [37mGET[39m [37m/wd/hub/session/b5c43141-82d9-42b2-95a6-1a5888bd1b88[39m [90m{}[39m
[38;5;65m[b5c43141][0m[38;5;86m[HTTP][0m [37m<-- GET /wd/hub/session/b5c43141-82d9-42b2-95a6-1a5888bd1b88 [39m[32m200[39m [90m21 ms - 429[39m [90m[39m
[38;5;65m[b5c43141][0m[38;5;86m[HTTP][0m [37m-->[39m [37mGET[39m [37m/wd/hub/session/b5c43141-82d9-42b2-95a6-1a5888bd1b88[39m [90m{}[39m
[38;5;65m[b5c43141][0m[38;5;86m[HTTP][0m [37m<-- GET /wd/hub/session/b5c43141-82d9-42b2-95a6-1a5888bd1b88 [39m[32m200[39m [90m11 ms - 429[39m [90m[39m
[38;5;86m[HTTP][0m [37m-->[39m [37mGET[39m [37m/wd/hub/status[39m [90m{}[39m
[38;5;86m[HTTP][0m [37m<-- GET /wd/hub/status [39m[32m200[39m [90m2 ms - 111[39m [90m[39m
[38;5;65m[b5c43141][0m[38;5;86m[HTTP][0m [37m-->[39m [37mPOST[39m [37m/wd/hub/session/b5c43141-82d9-42b2-95a6-1a5888bd1b88/timeouts[39m [90m{"implicit":30000}[39m
[38;5;65m[b5c43141][0m[38;5;86m[HTTP][0m [37m<-- POST /wd/hub/session/b5c43141-82d9-42b2-95a6-1a5888bd1b88/timeouts [39m[32m200[39m [90m6 ms - 14[39m [90m[39m
[38;5;65m[b5c43141][0m[38;5;86m[HTTP][0m [37m-->[39m [37mGET[39m [37m/wd/hub/session/b5c43141-82d9-42b2-95a6-1a5888bd1b88/appium/device/system_bars[39m [90m{}[39m
[38;5;65m[b5c43141][0m[38;5;86m[HTTP][0m [37m<-- GET /wd/hub/session/b5c43141-82d9-42b2-95a6-1a5888bd1b88/appium/device/system_bars [39m[32m200[39m [90m1895 ms - 151[39m [90m[39m
[38;5;65m[b5c43141][0m[38;5;86m[HTTP][0m [37m-->[39m [37mPOST[39m [37m/wd/hub/session/b5c43141-82d9-42b2-95a6-1a5888bd1b88/timeouts[39m [90m{"implicit":50}[39m
[38;5;65m[b5c43141][0m[38;5;86m[HTTP][0m [37m<-- POST /wd/hub/session/b5c43141-82d9-42b2-95a6-1a5888bd1b88/timeouts [39m[32m200[39m [90m8 ms - 14[39m [90m[39m
[38;5;65m[b5c43141][0m[38;5;86m[HTTP][0m [37m-->[39m [37mGET[39m [37m/wd/hub/session/b5c43141-82d9-42b2-95a6-1a5888bd1b88/window/rect[39m [90m{}[39m
[38;5;65m[b5c43141][0m[38;5;86m[HTTP][0m [37m<-- GET /wd/hub/session/b5c43141-82d9-42b2-95a6-1a5888bd1b88/window/rect [39m[32m200[39m [90m32 ms - 50[39m [90m[39m
[38;5;65m[b5c43141][0m[38;5;86m[HTTP][0m [37m-->[39m [37mPOST[39m [37m/wd/hub/session/b5c43141-82d9-42b2-95a6-1a5888bd1b88/elements[39m [90m{"using":"xpath","value":"//*[@class = 'android.widget.TextView' and (@text = 'PROMOTIONS' or . = 'PROMOTIONS')]"}[39m
[38;5;65m[b5c43141][0m[38;5;86m[HTTP][0m [37m<-- POST /wd/hub/session/b5c43141-82d9-42b2-95a6-1a5888bd1b88/elements [39m[32m200[39m [90m788 ms - 139[39m [90m[39m
[38;5;65m[b5c43141][0m[38;5;86m[HTTP][0m [37m-->[39m [37mGET[39m [37m/wd/hub/session/b5c43141-82d9-42b2-95a6-1a5888bd1b88/element/00000000-0000-00c6-ffff-ffff0000009c/location[39m [90m{}[39m
[38;5;65m[b5c43141][0m[38;5;-164m[AndroidUiautomator2Driver@fbb1][0m Driver proxy active, passing request on via HTTP proxy
[38;5;65m[b5c43141][0m[38;5;-164m[AndroidUiautomator2Driver@fbb1][0m Replacing sessionId 6dd39458-96ff-4981-a738-814abebce5c2 with b5c43141-82d9-42b2-95a6-1a5888bd1b88
[38;5;65m[b5c43141][0m[38;5;86m[HTTP][0m [37m<-- GET /wd/hub/session/b5c43141-82d9-42b2-95a6-1a5888bd1b88/element/00000000-0000-00c6-ffff-ffff0000009c/location [39m[32m200[39m [90m45 ms - 79[39m [90m[39m
[38;5;65m[b5c43141][0m[38;5;86m[HTTP][0m [37m-->[39m [37mPOST[39m [37m/wd/hub/session/b5c43141-82d9-42b2-95a6-1a5888bd1b88/timeouts[39m [90m{"implicit":30000}[39m
[38;5;65m[b5c43141][0m[38;5;86m[HTTP][0m [37m<-- POST /wd/hub/session/b5c43141-82d9-42b2-95a6-1a5888bd1b88/timeouts [39m[32m200[39m [90m2 ms - 14[39m [90m[39m
[38;5;65m[b5c43141][0m[38;5;86m[HTTP][0m [37m-->[39m [37mPOST[39m [37m/wd/hub/session/b5c43141-82d9-42b2-95a6-1a5888bd1b88/element/00000000-0000-00c6-ffff-ffff0000009c/click[39m [90m{"id":"00000000-0000-00c6-ffff-ffff0000009c"}[39m
[38;5;65m[b5c43141][0m[38;5;86m[HTTP][0m [37m<-- POST /wd/hub/session/b5c43141-82d9-42b2-95a6-1a5888bd1b88/element/00000000-0000-00c6-ffff-ffff0000009c/click [39m[32m200[39m [90m92 ms - 14[39m [90m[39m
[38;5;65m[b5c43141][0m[38;5;86m[HTTP][0m [37m-->[39m [37mPOST[39m [37m/wd/hub/session/b5c43141-82d9-42b2-95a6-1a5888bd1b88/timeouts[39m [90m{"implicit":50}[39m
[38;5;65m[b5c43141][0m[38;5;86m[HTTP][0m [37m<-- POST /wd/hub/session/b5c43141-82d9-42b2-95a6-1a5888bd1b88/timeouts [39m[32m200[39m [90m5 ms - 14[39m [90m[39m
[38;5;65m[b5c43141][0m[38;5;86m[HTTP][0m [37m-->[39m [37mGET[39m [37m/wd/hub/session/b5c43141-82d9-42b2-95a6-1a5888bd1b88/window/rect[39m [90m{}[39m
[38;5;65m[b5c43141][0m[38;5;86m[HTTP][0m [37m<-- GET /wd/hub/session/b5c43141-82d9-42b2-95a6-1a5888bd1b88/window/rect [39m[32m200[39m [90m21 ms - 50[39m [90m[39m
[38;5;65m[b5c43141][0m[38;5;86m[HTTP][0m [37m-->[39m [37mPOST[39m [37m/wd/hub/session/b5c43141-82d9-42b2-95a6-1a5888bd1b88/elements[39m [90m{"using":"xpath","value":"//*[@class = 'android.widget.TextView' and (@text = 'Extract Whitening Lotion Papaya Calamansi SPF 10 200ml' or . = 'Extract Whitening Lotion Papaya Calamansi SPF 10 200ml')]"}[39m
[38;5;65m[b5c43141][0m[38;5;86m[HTTP][0m [37m<-- POST /wd/hub/session/b5c43141-82d9-42b2-95a6-1a5888bd1b88/elements [39m[32m200[39m [90m313 ms - 139[39m [90m[39m
[38;5;65m[b5c43141][0m[38;5;86m[HTTP][0m [37m-->[39m [37mGET[39m [37m/wd/hub/session/b5c43141-82d9-42b2-95a6-1a5888bd1b88/element/00000000-0000-00c6-ffff-ffff0000013c/location[39m [90m{}[39m
[38;5;65m[b5c43141][0m[38;5;-164m[AndroidUiautomator2Driver@fbb1][0m Driver proxy active, passing request on via HTTP proxy
[38;5;65m[b5c43141][0m[38;5;-164m[AndroidUiautomator2Driver@fbb1][0m Replacing sessionId 6dd39458-96ff-4981-a738-814abebce5c2 with b5c43141-82d9-42b2-95a6-1a5888bd1b88
[38;5;65m[b5c43141][0m[38;5;86m[HTTP][0m [37m<-- GET /wd/hub/session/b5c43141-82d9-42b2-95a6-1a5888bd1b88/element/00000000-0000-00c6-ffff-ffff0000013c/location [39m[32m200[39m [90m26 ms - 79[39m [90m[39m
[38;5;65m[b5c43141][0m[38;5;86m[HTTP][0m [37m-->[39m [37mPOST[39m [37m/wd/hub/session/b5c43141-82d9-42b2-95a6-1a5888bd1b88/timeouts[39m [90m{"implicit":30000}[39m
[38;5;65m[b5c43141][0m[38;5;86m[HTTP][0m [37m<-- POST /wd/hub/session/b5c43141-82d9-42b2-95a6-1a5888bd1b88/timeouts [39m[32m200[39m [90m2 ms - 14[39m [90m[39m
[38;5;65m[b5c43141][0m[38;5;86m[HTTP][0m [37m-->[39m [37mPOST[39m [37m/wd/hub/session/b5c43141-82d9-42b2-95a6-1a5888bd1b88/element/00000000-0000-00c6-ffff-ffff0000013c/click[39m [90m{"id":"00000000-0000-00c6-ffff-ffff0000013c"}[39m
[38;5;65m[b5c43141][0m[38;5;86m[HTTP][0m [37m<-- POST /wd/hub/session/b5c43141-82d9-42b2-95a6-1a5888bd1b88/element/00000000-0000-00c6-ffff-ffff0000013c/click [39m[32m200[39m [90m103 ms - 14[39m [90m[39m
[38;5;65m[b5c43141][0m[38;5;86m[HTTP][0m [37m-->[39m [37mPOST[39m [37m/wd/hub/session/b5c43141-82d9-42b2-95a6-1a5888bd1b88/timeouts[39m [90m{"implicit":50}[39m
[38;5;65m[b5c43141][0m[38;5;86m[HTTP][0m [37m<-- POST /wd/hub/session/b5c43141-82d9-42b2-95a6-1a5888bd1b88/timeouts [39m[32m200[39m [90m3 ms - 14[39m [90m[39m
[38;5;65m[b5c43141][0m[38;5;86m[HTTP][0m [37m-->[39m [37mGET[39m [37m/wd/hub/session/b5c43141-82d9-42b2-95a6-1a5888bd1b88/window/rect[39m [90m{}[39m
[38;5;65m[b5c43141][0m[38;5;86m[HTTP][0m [37m<-- GET /wd/hub/session/b5c43141-82d9-42b2-95a6-1a5888bd1b88/window/rect [39m[32m200[39m [90m16 ms - 50[39m [90m[39m
[38;5;65m[b5c43141][0m[38;5;86m[HTTP][0m [37m-->[39m [37mPOST[39m [37m/wd/hub/session/b5c43141-82d9-42b2-95a6-1a5888bd1b88/elements[39m [90m{"using":"xpath","value":"//*[@class = 'android.widget.TextView' and (@text = 'Add to Bag' or . = 'Add to Bag')]"}[39m
[38;5;65m[b5c43141][0m[38;5;86m[HTTP][0m [37m<-- POST /wd/hub/session/b5c43141-82d9-42b2-95a6-1a5888bd1b88/elements [39m[32m200[39m [90m909 ms - 12[39m [90m[39m
[38;5;65m[b5c43141][0m[38;5;86m[HTTP][0m [37m-->[39m [37mPOST[39m [37m/wd/hub/session/b5c43141-82d9-42b2-95a6-1a5888bd1b88/elements[39m [90m{"using":"xpath","value":"//*[@class = 'android.widget.TextView' and (@text = 'Add to Bag' or . = 'Add to Bag')]"}[39m
[38;5;65m[b5c43141][0m[38;5;86m[HTTP][0m [37m<-- POST /wd/hub/session/b5c43141-82d9-42b2-95a6-1a5888bd1b88/elements [39m[32m200[39m [90m434 ms - 139[39m [90m[39m
[38;5;65m[b5c43141][0m[38;5;86m[HTTP][0m [37m-->[39m [37mGET[39m [37m/wd/hub/session/b5c43141-82d9-42b2-95a6-1a5888bd1b88/element/00000000-0000-00c6-ffff-ffff00000163/location[39m [90m{}[39m
[38;5;65m[b5c43141][0m[38;5;-164m[AndroidUiautomator2Driver@fbb1][0m Driver proxy active, passing request on via HTTP proxy
[38;5;65m[b5c43141][0m[38;5;-164m[AndroidUiautomator2Driver@fbb1][0m Replacing sessionId 6dd39458-96ff-4981-a738-814abebce5c2 with b5c43141-82d9-42b2-95a6-1a5888bd1b88
[38;5;65m[b5c43141][0m[38;5;86m[HTTP][0m [37m<-- GET /wd/hub/session/b5c43141-82d9-42b2-95a6-1a5888bd1b88/element/00000000-0000-00c6-ffff-ffff00000163/location [39m[32m200[39m [90m28 ms - 78[39m [90m[39m
[38;5;65m[b5c43141][0m[38;5;86m[HTTP][0m [37m-->[39m [37mPOST[39m [37m/wd/hub/session/b5c43141-82d9-42b2-95a6-1a5888bd1b88/timeouts[39m [90m{"implicit":30000}[39m
[38;5;65m[b5c43141][0m[38;5;86m[HTTP][0m [37m<-- POST /wd/hub/session/b5c43141-82d9-42b2-95a6-1a5888bd1b88/timeouts [39m[32m200[39m [90m4 ms - 14[39m [90m[39m
[38;5;65m[b5c43141][0m[38;5;86m[HTTP][0m [37m-->[39m [37mPOST[39m [37m/wd/hub/session/b5c43141-82d9-42b2-95a6-1a5888bd1b88/element/00000000-0000-00c6-ffff-ffff00000163/click[39m [90m{"id":"00000000-0000-00c6-ffff-ffff00000163"}[39m
[38;5;65m[b5c43141][0m[38;5;86m[HTTP][0m [37m<-- POST /wd/hub/session/b5c43141-82d9-42b2-95a6-1a5888bd1b88/element/00000000-0000-00c6-ffff-ffff00000163/click [39m[32m200[39m [90m89 ms - 14[39m [90m[39m
[38;5;65m[b5c43141][0m[38;5;86m[HTTP][0m [37m-->[39m [37mPOST[39m [37m/wd/hub/session/b5c43141-82d9-42b2-95a6-1a5888bd1b88/timeouts[39m [90m{"implicit":50}[39m
[38;5;65m[b5c43141][0m[38;5;86m[HTTP][0m [37m<-- POST /wd/hub/session/b5c43141-82d9-42b2-95a6-1a5888bd1b88/timeouts [39m[32m200[39m [90m2 ms - 14[39m [90m[39m
[38;5;65m[b5c43141][0m[38;5;86m[HTTP][0m [37m-->[39m [37mGET[39m [37m/wd/hub/session/b5c43141-82d9-42b2-95a6-1a5888bd1b88/window/rect[39m [90m{}[39m
[38;5;65m[b5c43141][0m[38;5;86m[HTTP][0m [37m<-- GET /wd/hub/session/b5c43141-82d9-42b2-95a6-1a5888bd1b88/window/rect [39m[32m200[39m [90m11 ms - 50[39m [90m[39m
[38;5;65m[b5c43141][0m[38;5;86m[HTTP][0m [37m-->[39m [37mPOST[39m [37m/wd/hub/session/b5c43141-82d9-42b2-95a6-1a5888bd1b88/elements[39m [90m{"using":"xpath","value":"//*[@class = 'android.widget.TextView' and (@text = 'Your Bag' or . = 'Your Bag')]"}[39m
[38;5;65m[b5c43141][0m[38;5;86m[HTTP][0m [37m<-- POST /wd/hub/session/b5c43141-82d9-42b2-95a6-1a5888bd1b88/elements [39m[32m200[39m [90m124 ms - 139[39m [90m[39m
[38;5;65m[b5c43141][0m[38;5;86m[HTTP][0m [37m-->[39m [37mGET[39m [37m/wd/hub/session/b5c43141-82d9-42b2-95a6-1a5888bd1b88/element/00000000-0000-00c6-ffff-ffff0000006b/location[39m [90m{}[39m
[38;5;65m[b5c43141][0m[38;5;-164m[AndroidUiautomator2Driver@fbb1][0m Driver proxy active, passing request on via HTTP proxy
[38;5;65m[b5c43141][0m[38;5;-164m[AndroidUiautomator2Driver@fbb1][0m Replacing sessionId 6dd39458-96ff-4981-a738-814abebce5c2 with b5c43141-82d9-42b2-95a6-1a5888bd1b88
[38;5;65m[b5c43141][0m[38;5;86m[HTTP][0m [37m<-- GET /wd/hub/session/b5c43141-82d9-42b2-95a6-1a5888bd1b88/element/00000000-0000-00c6-ffff-ffff0000006b/location [39m[32m200[39m [90m20 ms - 79[39m [90m[39m
[38;5;65m[b5c43141][0m[38;5;86m[HTTP][0m [37m-->[39m [37mPOST[39m [37m/wd/hub/session/b5c43141-82d9-42b2-95a6-1a5888bd1b88/timeouts[39m [90m{"implicit":30000}[39m
[38;5;65m[b5c43141][0m[38;5;86m[HTTP][0m [37m<-- POST /wd/hub/session/b5c43141-82d9-42b2-95a6-1a5888bd1b88/timeouts [39m[32m200[39m [90m1 ms - 14[39m [90m[39m
[38;5;65m[b5c43141][0m[38;5;86m[HTTP][0m [37m-->[39m [37mPOST[39m [37m/wd/hub/session/b5c43141-82d9-42b2-95a6-1a5888bd1b88/element/00000000-0000-00c6-ffff-ffff0000006b/click[39m [90m{"id":"00000000-0000-00c6-ffff-ffff0000006b"}[39m
[38;5;65m[b5c43141][0m[38;5;86m[HTTP][0m [37m<-- POST /wd/hub/session/b5c43141-82d9-42b2-95a6-1a5888bd1b88/element/00000000-0000-00c6-ffff-ffff0000006b/click [39m[32m200[39m [90m81 ms - 14[39m [90m[39m
[38;5;65m[b5c43141][0m[38;5;86m[HTTP][0m [37m-->[39m [37mPOST[39m [37m/wd/hub/session/b5c43141-82d9-42b2-95a6-1a5888bd1b88/timeouts[39m [90m{"implicit":50}[39m
[38;5;65m[b5c43141][0m[38;5;86m[HTTP][0m [37m<-- POST /wd/hub/session/b5c43141-82d9-42b2-95a6-1a5888bd1b88/timeouts [39m[32m200[39m [90m5 ms - 14[39m [90m[39m
[38;5;65m[b5c43141][0m[38;5;86m[HTTP][0m [37m-->[39m [37mGET[39m [37m/wd/hub/session/b5c43141-82d9-42b2-95a6-1a5888bd1b88/window/rect[39m [90m{}[39m
[38;5;65m[b5c43141][0m[38;5;86m[HTTP][0m [37m<-- GET /wd/hub/session/b5c43141-82d9-42b2-95a6-1a5888bd1b88/window/rect [39m[32m200[39m [90m11 ms - 50[39m [90m[39m
[38;5;65m[b5c43141][0m[38;5;86m[HTTP][0m [37m-->[39m [37mPOST[39m [37m/wd/hub/session/b5c43141-82d9-42b2-95a6-1a5888bd1b88/elements[39m [90m{"using":"xpath","value":"//*[@class = 'android.widget.TextView' and (@text = 'Checkout' or . = 'Checkout')]"}[39m
[38;5;65m[b5c43141][0m[38;5;86m[HTTP][0m [37m<-- POST /wd/hub/session/b5c43141-82d9-42b2-95a6-1a5888bd1b88/elements [39m[32m200[39m [90m125 ms - 139[39m [90m[39m
[38;5;65m[b5c43141][0m[38;5;86m[HTTP][0m [37m-->[39m [37mGET[39m [37m/wd/hub/session/b5c43141-82d9-42b2-95a6-1a5888bd1b88/element/00000000-0000-00c6-ffff-ffff0000017f/location[39m [90m{}[39m
[38;5;65m[b5c43141][0m[38;5;-164m[AndroidUiautomator2Driver@fbb1][0m Driver proxy active, passing request on via HTTP proxy
[38;5;65m[b5c43141][0m[38;5;-164m[AndroidUiautomator2Driver@fbb1][0m Replacing sessionId 6dd39458-96ff-4981-a738-814abebce5c2 with b5c43141-82d9-42b2-95a6-1a5888bd1b88
[38;5;65m[b5c43141][0m[38;5;86m[HTTP][0m [37m<-- GET /wd/hub/session/b5c43141-82d9-42b2-95a6-1a5888bd1b88/element/00000000-0000-00c6-ffff-ffff0000017f/location [39m[32m200[39m [90m17 ms - 77[39m [90m[39m
[38;5;65m[b5c43141][0m[38;5;86m[HTTP][0m [37m-->[39m [37mPOST[39m [37m/wd/hub/session/b5c43141-82d9-42b2-95a6-1a5888bd1b88/timeouts[39m [90m{"implicit":30000}[39m
[38;5;65m[b5c43141][0m[38;5;86m[HTTP][0m [37m<-- POST /wd/hub/session/b5c43141-82d9-42b2-95a6-1a5888bd1b88/timeouts [39m[32m200[39m [90m1 ms - 14[39m [90m[39m
[38;5;65m[b5c43141][0m[38;5;86m[HTTP][0m [37m-->[39m [37mPOST[39m [37m/wd/hub/session/b5c43141-82d9-42b2-95a6-1a5888bd1b88/element/00000000-0000-00c6-ffff-ffff0000017f/click[39m [90m{"id":"00000000-0000-00c6-ffff-ffff0000017f"}[39m
[38;5;65m[b5c43141][0m[38;5;86m[HTTP][0m [37m<-- POST /wd/hub/session/b5c43141-82d9-42b2-95a6-1a5888bd1b88/element/00000000-0000-00c6-ffff-ffff0000017f/click [39m[32m200[39m [90m83 ms - 14[39m [90m[39m
[38;5;65m[b5c43141][0m[38;5;86m[HTTP][0m [37m-->[39m [37mPOST[39m [37m/wd/hub/session/b5c43141-82d9-42b2-95a6-1a5888bd1b88/timeouts[39m [90m{"implicit":50}[39m
[38;5;65m[b5c43141][0m[38;5;86m[HTTP][0m [37m<-- POST /wd/hub/session/b5c43141-82d9-42b2-95a6-1a5888bd1b88/timeouts [39m[32m200[39m [90m2 ms - 14[39m [90m[39m
[38;5;65m[b5c43141][0m[38;5;86m[HTTP][0m [37m-->[39m [37mGET[39m [37m/wd/hub/session/b5c43141-82d9-42b2-95a6-1a5888bd1b88/window/rect[39m [90m{}[39m
[38;5;65m[b5c43141][0m[38;5;86m[HTTP][0m [37m<-- GET /wd/hub/session/b5c43141-82d9-42b2-95a6-1a5888bd1b88/window/rect [39m[32m200[39m [90m25 ms - 50[39m [90m[39m
[38;5;65m[b5c43141][0m[38;5;86m[HTTP][0m [37m-->[39m [37mPOST[39m [37m/wd/hub/session/b5c43141-82d9-42b2-95a6-1a5888bd1b88/elements[39m [90m{"using":"xpath","value":"//*[@class = 'android.view.View' and (@text = 'Happy Shopping 🧡' or . = 'Happy Shopping 🧡')]"}[39m
[38;5;65m[b5c43141][0m[38;5;86m[HTTP][0m [37m<-- POST /wd/hub/session/b5c43141-82d9-42b2-95a6-1a5888bd1b88/elements [39m[32m200[39m [90m463 ms - 267[39m [90m[39m
[38;5;65m[b5c43141][0m[38;5;86m[HTTP][0m [37m-->[39m [37mGET[39m [37m/wd/hub/session/b5c43141-82d9-42b2-95a6-1a5888bd1b88/element/00000000-0000-00c8-0000-001400000036/location[39m [90m{}[39m
[38;5;65m[b5c43141][0m[38;5;-164m[AndroidUiautomator2Driver@fbb1][0m Driver proxy active, passing request on via HTTP proxy
[38;5;65m[b5c43141][0m[38;5;-164m[AndroidUiautomator2Driver@fbb1][0m Replacing sessionId 6dd39458-96ff-4981-a738-814abebce5c2 with b5c43141-82d9-42b2-95a6-1a5888bd1b88
[38;5;65m[b5c43141][0m[38;5;86m[HTTP][0m [37m<-- GET /wd/hub/session/b5c43141-82d9-42b2-95a6-1a5888bd1b88/element/00000000-0000-00c8-0000-001400000036/location [39m[32m200[39m [90m19 ms - 76[39m [90m[39m
[38;5;65m[b5c43141][0m[38;5;86m[HTTP][0m [37m-->[39m [37mPOST[39m [37m/wd/hub/session/b5c43141-82d9-42b2-95a6-1a5888bd1b88/timeouts[39m [90m{"implicit":30000}[39m
[38;5;65m[b5c43141][0m[38;5;86m[HTTP][0m [37m<-- POST /wd/hub/session/b5c43141-82d9-42b2-95a6-1a5888bd1b88/timeouts [39m[32m200[39m [90m2 ms - 14[39m [90m[39m
[38;5;65m[b5c43141][0m[38;5;86m[HTTP][0m [37m-->[39m [37mGET[39m [37m/wd/hub/session/b5c43141-82d9-42b2-95a6-1a5888bd1b88/element/00000000-0000-00c8-0000-001400000036/displayed[39m [90m{}[39m
[38;5;65m[b5c43141][0m[38;5;86m[HTTP][0m [37m<-- GET /wd/hub/session/b5c43141-82d9-42b2-95a6-1a5888bd1b88/element/00000000-0000-00c8-0000-001400000036/displayed [39m[32m200[39m [90m16 ms - 14[39m [90m[39m
[38;5;65m[b5c43141][0m[38;5;86m[HTTP][0m [37m-->[39m [37mGET[39m [37m/wd/hub/session/b5c43141-82d9-42b2-95a6-1a5888bd1b88/context[39m [90m{}[39m
[38;5;65m[b5c43141][0m[38;5;86m[HTTP][0m [37m<-- GET /wd/hub/session/b5c43141-82d9-42b2-95a6-1a5888bd1b88/context [39m[32m200[39m [90m2 ms - 22[39m [90m[39m
[38;5;65m[b5c43141][0m[38;5;86m[HTTP][0m [37m-->[39m [37mGET[39m [37m/wd/hub/session/b5c43141-82d9-42b2-95a6-1a5888bd1b88/contexts[39m [90m{}[39m
[38;5;65m[b5c43141][0m[38;5;86m[HTTP][0m [37m<-- GET /wd/hub/session/b5c43141-82d9-42b2-95a6-1a5888bd1b88/contexts [39m[32m200[39m [90m177 ms - 41[39m [90m[39m
[38;5;65m[b5c43141][0m[38;5;86m[HTTP][0m [37m-->[39m [37mPOST[39m [37m/wd/hub/session/b5c43141-82d9-42b2-95a6-1a5888bd1b88/context[39m [90m{"name":"NATIVE_APP"}[39m
[38;5;65m[b5c43141][0m[38;5;86m[HTTP][0m [37m<-- POST /wd/hub/session/b5c43141-82d9-42b2-95a6-1a5888bd1b88/context [39m[32m200[39m [90m2 ms - 14[39m [90m[39m
[38;5;65m[b5c43141][0m[38;5;86m[HTTP][0m [37m-->[39m [37mGET[39m [37m/wd/hub/session/b5c43141-82d9-42b2-95a6-1a5888bd1b88/screenshot[39m [90m{}[39m
[38;5;65m[b5c43141][0m[38;5;86m[HTTP][0m [37m<-- GET /wd/hub/session/b5c43141-82d9-42b2-95a6-1a5888bd1b88/screenshot [39m[32m200[39m [90m871 ms - 840352[39m [90m[39m
[38;5;65m[b5c43141][0m[38;5;86m[HTTP][0m [37m-->[39m [37mPOST[39m [37m/wd/hub/session/b5c43141-82d9-42b2-95a6-1a5888bd1b88/context[39m [90m{"name":"NATIVE_APP"}[39m
[38;5;65m[b5c43141][0m[38;5;86m[HTTP][0m [37m<-- POST /wd/hub/session/b5c43141-82d9-42b2-95a6-1a5888bd1b88/context [39m[32m200[39m [90m2 ms - 14[39m [90m[39m
[38;5;65m[b5c43141][0m[38;5;86m[HTTP][0m [37m-->[39m [37mGET[39m [37m/wd/hub/session/b5c43141-82d9-42b2-95a6-1a5888bd1b88/context[39m [90m{}[39m
[38;5;65m[b5c43141][0m[38;5;86m[HTTP][0m [37m<-- GET /wd/hub/session/b5c43141-82d9-42b2-95a6-1a5888bd1b88/context [39m[32m200[39m [90m1 ms - 22[39m [90m[39m
[38;5;65m[b5c43141][0m[38;5;86m[HTTP][0m [37m-->[39m [37mGET[39m [37m/wd/hub/session/b5c43141-82d9-42b2-95a6-1a5888bd1b88/contexts[39m [90m{}[39m
[38;5;65m[b5c43141][0m[38;5;86m[HTTP][0m [37m<-- GET /wd/hub/session/b5c43141-82d9-42b2-95a6-1a5888bd1b88/contexts [39m[32m200[39m [90m243 ms - 41[39m [90m[39m
[38;5;65m[b5c43141][0m[38;5;86m[HTTP][0m [37m-->[39m [37mPOST[39m [37m/wd/hub/session/b5c43141-82d9-42b2-95a6-1a5888bd1b88/context[39m [90m{"name":"NATIVE_APP"}[39m
[38;5;65m[b5c43141][0m[38;5;86m[HTTP][0m [37m<-- POST /wd/hub/session/b5c43141-82d9-42b2-95a6-1a5888bd1b88/context [39m[32m200[39m [90m2 ms - 14[39m [90m[39m
[38;5;65m[b5c43141][0m[38;5;86m[HTTP][0m [37m-->[39m [37mGET[39m [37m/wd/hub/session/b5c43141-82d9-42b2-95a6-1a5888bd1b88/appium/device/current_package[39m [90m{}[39m
[38;5;65m[b5c43141][0m[38;5;86m[HTTP][0m [37m<-- GET /wd/hub/session/b5c43141-82d9-42b2-95a6-1a5888bd1b88/appium/device/current_package [39m[32m200[39m [90m111 ms - 30[39m [90m[39m
[38;5;65m[b5c43141][0m[38;5;86m[HTTP][0m [37m-->[39m [37mPOST[39m [37m/wd/hub/session/b5c43141-82d9-42b2-95a6-1a5888bd1b88/appium/device/terminate_app[39m [90m{"bundleId":"com.android.chrome"}[39m
[38;5;65m[b5c43141][0m[38;5;-164m[AndroidUiautomator2Driver@fbb1][0m Terminating 'com.android.chrome'
[38;5;65m[b5c43141][0m[38;5;-164m[AndroidUiautomator2Driver@fbb1][0m Querying the state of 'com.android.chrome'
[38;5;65m[b5c43141][0m[38;5;-164m[AndroidUiautomator2Driver@fbb1][0m 'com.android.chrome' has been successfully terminated
[38;5;65m[b5c43141][0m[38;5;86m[HTTP][0m [37m<-- POST /wd/hub/session/b5c43141-82d9-42b2-95a6-1a5888bd1b88/appium/device/terminate_app [39m[32m200[39m [90m1192 ms - 14[39m [90m[39m
[38;5;65m[b5c43141][0m[38;5;86m[HTTP][0m [37m-->[39m [37mPOST[39m [37m/wd/hub/session/b5c43141-82d9-42b2-95a6-1a5888bd1b88/context[39m [90m{"name":"NATIVE_APP"}[39m
[38;5;65m[b5c43141][0m[38;5;86m[HTTP][0m [37m<-- POST /wd/hub/session/b5c43141-82d9-42b2-95a6-1a5888bd1b88/context [39m[32m200[39m [90m2 ms - 14[39m [90m[39m
[38;5;65m[b5c43141][0m[38;5;86m[HTTP][0m [37m-->[39m [37mDELETE[39m [37m/wd/hub/session/b5c43141-82d9-42b2-95a6-1a5888bd1b88[39m [90m{}[39m
[38;5;65m[b5c43141][0m[38;5;18m[AppiumDriver@b422][0m Removing session b5c43141-82d9-42b2-95a6-1a5888bd1b88 from our master session list
[38;5;65m[b5c43141][0m[38;5;229m[ADB][0m com.ecwid.ShopAt.HappyDayShopping was successfully uninstalled
[38;5;65m[b5c43141][0m[38;5;-164m[AndroidUiautomator2Driver@fbb1][0m Restoring hidden api policy to the device default configuration
[38;5;65m[b5c43141][0m[38;5;86m[HTTP][0m [37m<-- DELETE /wd/hub/session/b5c43141-82d9-42b2-95a6-1a5888bd1b88 [39m[32m200[39m [90m2152 ms - 14[39m [90m[39m
