[38;5;112m[Appium][0m Welcome to Appium v2.10.3
[38;5;112m[Appium][0m Non-default server args:
[38;5;112m[Appium][0m { basePath: [32m'/wd/hub'[39m, loglevel: [32m'info'[39m, port: [33m54296[39m }
[38;5;112m[Appium][0m Attempting to load driver xcuitest...
[38;5;112m[Appium][0m Attempting to load driver uiautomator2...
[38;5;112m[Appium][0m Appium REST http interface listener started on http://0.0.0.0:54296/wd/hub
[38;5;112m[Appium][0m You can provide the following URLs in your client code to connect to this server:
	http://192.168.1.15:54296/wd/hub
	http://127.0.0.1:54296/wd/hub (only accessible from the same host)
[38;5;112m[Appium][0m Available drivers:
[38;5;112m[Appium][0m   - xcuitest@5.0.0 (automationName 'XCUITest')
[38;5;112m[Appium][0m   - uiautomator2@2.45.1 (automationName 'UiAutomator2')
[38;5;112m[Appium][0m No plugins have been installed. Use the "appium plugin" command to install the one(s) you want to use.
[38;5;86m[HTTP][0m [37m-->[39m [37mGET[39m [37m/wd/hub/status[39m [90m{}[39m
[38;5;86m[HTTP][0m [37m<-- GET /wd/hub/status [39m[32m200[39m [90m11 ms - 111[39m [90m[39m
[38;5;86m[HTTP][0m [37m-->[39m [37mGET[39m [37m/wd/hub/status[39m [90m{}[39m
[38;5;86m[HTTP][0m [37m<-- GET /wd/hub/status [39m[32m200[39m [90m1 ms - 111[39m [90m[39m
[38;5;86m[HTTP][0m [37m-->[39m [37mPOST[39m [37m/wd/hub/session[39m [90m{"desiredCapabilities":{"appium:systemPort":8240,"appium:newCommandTimeout":1800,"appium:appWaitActivity":"*","appium:automationName":"uiautomator2","appium:platformVersion":"11","appium:deviceId":"","appium:udid":"emulator-5554","appium:autoGrantPermissions":true,"appium:platformName":"ANDROID","appium:appActivity":".Settings","appium:deviceName":"emulator-5554 (sdk_gphone_x86 - Android 11)","platformName":"Android","appium:appPackage":"com.android.settings"},"capabilities":{"firstMatch":[{"appium:appActivity":".Settings","appium:appPackage":"com.android.settings","appium:appWaitActivity":"*","appium:autoGrantPermissions":true,"appium:automationName":"uiautomator2","appium:deviceId":"","appium:deviceName":"emulator-5554 (sdk_gphone_x86 - Android 11)","appium:newCommandTimeout":1800,"appium:platformName":"ANDROID","appium:platformVersion":"11","appium:systemPort":8240,"appium:udid":"emulator-5554","platformName":"android"}]}}[39m
[38;5;123m[BaseDriver][0m Ignoring capability 'appium:platformName=ANDROID' and using capability 'platformName=android'
[38;5;123m[BaseDriver][0m The capabilities ["platformName"] are standard capabilities and do not require "appium:" prefix
[38;5;112m[Appium][0m Attempting to find matching driver for automationName 'uiautomator2' and platformName 'android'
[38;5;112m[Appium][0m The 'uiautomator2' driver was installed and matched caps.
[38;5;112m[Appium][0m Will require it at C:\Users\ThinkPad\.appium\node_modules\appium-uiautomator2-driver
[38;5;214m[AppiumDriver@6fbd][0m Appium v2.10.3 creating new AndroidUiautomator2Driver (v2.45.1) session
[38;5;214m[AppiumDriver@6fbd][0m Checking BaseDriver versions for Appium and AndroidUiautomator2Driver
[38;5;214m[AppiumDriver@6fbd][0m Appium's BaseDriver version is 9.10.3
[38;5;214m[AppiumDriver@6fbd][0m AndroidUiautomator2Driver's BaseDriver version is 9.10.3
[38;5;-7m[AndroidUiautomator2Driver@3ebf][0m The following provided capabilities were not recognized by this driver:
[38;5;-7m[AndroidUiautomator2Driver@3ebf][0m   deviceId
[38;5;-7m[AndroidUiautomator2Driver@3ebf][0m Session created with session id: 43124511-a905-490e-b9ae-11e07fc503f8
[38;5;229m[ADB][0m Found 2 'build-tools' folders under 'C:\Users\ThinkPad\AppData\Local\Android\Sdk' (newest first):
[38;5;229m[ADB][0m     C:\Users\ThinkPad\AppData\Local\Android\Sdk\build-tools\35.0.0
[38;5;229m[ADB][0m     C:\Users\ThinkPad\AppData\Local\Android\Sdk\build-tools\34.0.0
[38;5;229m[ADB][0m Using 'adb.exe' from 'C:\Users\ThinkPad\AppData\Local\Android\Sdk\platform-tools\adb.exe'
[38;5;-7m[AndroidUiautomator2Driver@3ebf][0m Retrieving device list
[38;5;-7m[AndroidUiautomator2Driver@3ebf][0m Using device: emulator-5554
[38;5;229m[ADB][0m Using 'adb.exe' from 'C:\Users\ThinkPad\AppData\Local\Android\Sdk\platform-tools\adb.exe'
[38;5;-7m[AndroidUiautomator2Driver@3ebf][0m Starting 'com.android.settings' directly on the device
[38;5;229m[ADB][0m Getting device platform version
[38;5;-7m[AndroidUiautomator2Driver@3ebf][0m Relaxing hidden api policy
[38;5;-7m[AndroidUiautomator2Driver@3ebf][0m No app sent in, not parsing package/activity
[38;5;229m[ADB][0m Using 'apksigner.jar' from 'C:\Users\ThinkPad\AppData\Local\Android\Sdk\build-tools\35.0.0\lib\apksigner.jar'
[38;5;229m[ADB][0m 'C:\Users\ThinkPad\.appium\node_modules\appium-uiautomator2-driver\node_modules\appium-uiautomator2-server\apks\appium-uiautomator2-server-debug-androidTest.apk' is signed with the default certificate
[38;5;229m[ADB][0m 'C:\Users\ThinkPad\.appium\node_modules\appium-uiautomator2-driver\node_modules\appium-uiautomator2-server\apks\appium-uiautomator2-server-v6.0.9.apk' is signed with the default certificate
[38;5;-7m[AndroidUiautomator2Driver@3ebf][0m Server packages are not going to be (re)installed
[38;5;229m[ADB][0m Adding packages ["io.appium.settings","io.appium.uiautomator2.server","io.appium.uiautomator2.server.test"] to Doze whitelist
[38;5;-7m[AndroidUiautomator2Driver@3ebf][0m Starting UIAutomator2 server 6.0.9
[38;5;-7m[AndroidUiautomator2Driver@3ebf][0m Using UIAutomator2 server from 'C:\Users\ThinkPad\.appium\node_modules\appium-uiautomator2-driver\node_modules\appium-uiautomator2-server\apks\appium-uiautomator2-server-v6.0.9.apk' and test from 'C:\Users\ThinkPad\.appium\node_modules\appium-uiautomator2-driver\node_modules\appium-uiautomator2-server\apks\appium-uiautomator2-server-debug-androidTest.apk'
[38;5;-7m[AndroidUiautomator2Driver@3ebf][0m Waiting up to 30000ms for UiAutomator2 to be online...
[38;5;-7m[AndroidUiautomator2Driver@3ebf][0m socket hang up
[38;5;-7m[AndroidUiautomator2Driver@3ebf][0m socket hang up
[38;5;-7m[AndroidUiautomator2Driver@3ebf][0m socket hang up
[38;5;-7m[AndroidUiautomator2Driver@3ebf][0m Determined the downstream protocol as 'W3C'
[38;5;-7m[AndroidUiautomator2Driver@3ebf][0m Screen already unlocked, doing nothing
[38;5;-7m[AndroidUiautomator2Driver@3ebf][0m Starting 'com.android.settings/.Settings and waiting for 'com.android.settings/*'
[38;5;214m[AppiumDriver@6fbd][0m New AndroidUiautomator2Driver session created successfully, session 43124511-a905-490e-b9ae-11e07fc503f8 added to master session list
[38;5;86m[HTTP][0m [37m<-- POST /wd/hub/session [39m[32m200[39m [90m14515 ms - 1185[39m [90m[39m
[38;5;67m[43124511][0m[38;5;86m[HTTP][0m [37m-->[39m [37mGET[39m [37m/wd/hub/session/43124511-a905-490e-b9ae-11e07fc503f8[39m [90m{}[39m
[38;5;67m[43124511][0m[38;5;86m[HTTP][0m [37m<-- GET /wd/hub/session/43124511-a905-490e-b9ae-11e07fc503f8 [39m[32m200[39m [90m40 ms - 364[39m [90m[39m
[38;5;67m[43124511][0m[38;5;86m[HTTP][0m [37m-->[39m [37mGET[39m [37m/wd/hub/session/43124511-a905-490e-b9ae-11e07fc503f8[39m [90m{}[39m
[38;5;67m[43124511][0m[38;5;86m[HTTP][0m [37m<-- GET /wd/hub/session/43124511-a905-490e-b9ae-11e07fc503f8 [39m[32m200[39m [90m18 ms - 364[39m [90m[39m
[38;5;86m[HTTP][0m [37m-->[39m [37mGET[39m [37m/wd/hub/status[39m [90m{}[39m
[38;5;86m[HTTP][0m [37m<-- GET /wd/hub/status [39m[32m200[39m [90m2 ms - 111[39m [90m[39m
[38;5;67m[43124511][0m[38;5;86m[HTTP][0m [37m-->[39m [37mPOST[39m [37m/wd/hub/session/43124511-a905-490e-b9ae-11e07fc503f8/timeouts[39m [90m{"implicit":60000}[39m
[38;5;67m[43124511][0m[38;5;86m[HTTP][0m [37m<-- POST /wd/hub/session/43124511-a905-490e-b9ae-11e07fc503f8/timeouts [39m[32m200[39m [90m5 ms - 14[39m [90m[39m
[38;5;67m[43124511][0m[38;5;86m[HTTP][0m [37m-->[39m [37mGET[39m [37m/wd/hub/session/43124511-a905-490e-b9ae-11e07fc503f8/appium/device/system_bars[39m [90m{}[39m
[38;5;67m[43124511][0m[38;5;86m[HTTP][0m [37m<-- GET /wd/hub/session/43124511-a905-490e-b9ae-11e07fc503f8/appium/device/system_bars [39m[32m200[39m [90m445 ms - 151[39m [90m[39m
[38;5;67m[43124511][0m[38;5;86m[HTTP][0m [37m-->[39m [37mPOST[39m [37m/wd/hub/session/43124511-a905-490e-b9ae-11e07fc503f8/appium/device/activate_app[39m [90m{"bundleId":"com.ecwid.ShopAt.HappyDayShopping"}[39m
[38;5;67m[43124511][0m[38;5;86m[HTTP][0m [37m<-- POST /wd/hub/session/43124511-a905-490e-b9ae-11e07fc503f8/appium/device/activate_app [39m[32m200[39m [90m1002 ms - 14[39m [90m[39m
[38;5;67m[43124511][0m[38;5;86m[HTTP][0m [37m-->[39m [37mGET[39m [37m/wd/hub/session/43124511-a905-490e-b9ae-11e07fc503f8/source[39m [90m{}[39m
[38;5;67m[43124511][0m[38;5;-7m[AndroidUiautomator2Driver@3ebf][0m Driver proxy active, passing request on via HTTP proxy
[38;5;67m[43124511][0m[38;5;-7m[AndroidUiautomator2Driver@3ebf][0m Replacing sessionId e15e65a2-b021-4d3a-87e2-9678b6f5ceea with 43124511-a905-490e-b9ae-11e07fc503f8
[38;5;67m[43124511][0m[38;5;86m[HTTP][0m [37m<-- GET /wd/hub/session/43124511-a905-490e-b9ae-11e07fc503f8/source [39m[32m200[39m [90m393 ms - 600[39m [90m[39m
[38;5;67m[43124511][0m[38;5;86m[HTTP][0m [37m-->[39m [37mGET[39m [37m/wd/hub/session/43124511-a905-490e-b9ae-11e07fc503f8/screenshot[39m [90m{}[39m
[38;5;67m[43124511][0m[38;5;86m[HTTP][0m [37m<-- GET /wd/hub/session/43124511-a905-490e-b9ae-11e07fc503f8/screenshot [39m[32m200[39m [90m965 ms - 122628[39m [90m[39m
[38;5;67m[43124511][0m[38;5;86m[HTTP][0m [37m-->[39m [37mGET[39m [37m/wd/hub/session/43124511-a905-490e-b9ae-11e07fc503f8/source[39m [90m{}[39m
[38;5;67m[43124511][0m[38;5;-7m[AndroidUiautomator2Driver@3ebf][0m Driver proxy active, passing request on via HTTP proxy
[38;5;67m[43124511][0m[38;5;-7m[AndroidUiautomator2Driver@3ebf][0m Replacing sessionId e15e65a2-b021-4d3a-87e2-9678b6f5ceea with 43124511-a905-490e-b9ae-11e07fc503f8
[38;5;67m[43124511][0m[38;5;86m[HTTP][0m [37m<-- GET /wd/hub/session/43124511-a905-490e-b9ae-11e07fc503f8/source [39m[32m200[39m [90m310 ms - 37426[39m [90m[39m
[38;5;67m[43124511][0m[38;5;86m[HTTP][0m [37m-->[39m [37mGET[39m [37m/wd/hub/session/43124511-a905-490e-b9ae-11e07fc503f8/screenshot[39m [90m{}[39m
[38;5;67m[43124511][0m[38;5;86m[HTTP][0m [37m<-- GET /wd/hub/session/43124511-a905-490e-b9ae-11e07fc503f8/screenshot [39m[32m200[39m [90m777 ms - 840568[39m [90m[39m
[38;5;67m[43124511][0m[38;5;86m[HTTP][0m [37m-->[39m [37mGET[39m [37m/wd/hub/session/43124511-a905-490e-b9ae-11e07fc503f8/source[39m [90m{}[39m
[38;5;67m[43124511][0m[38;5;-7m[AndroidUiautomator2Driver@3ebf][0m Driver proxy active, passing request on via HTTP proxy
[38;5;67m[43124511][0m[38;5;-7m[AndroidUiautomator2Driver@3ebf][0m Replacing sessionId e15e65a2-b021-4d3a-87e2-9678b6f5ceea with 43124511-a905-490e-b9ae-11e07fc503f8
[38;5;67m[43124511][0m[38;5;86m[HTTP][0m [37m<-- GET /wd/hub/session/43124511-a905-490e-b9ae-11e07fc503f8/source [39m[32m200[39m [90m299 ms - 12616[39m [90m[39m
[38;5;67m[43124511][0m[38;5;86m[HTTP][0m [37m-->[39m [37mGET[39m [37m/wd/hub/session/43124511-a905-490e-b9ae-11e07fc503f8/screenshot[39m [90m{}[39m
[38;5;67m[43124511][0m[38;5;86m[HTTP][0m [37m<-- GET /wd/hub/session/43124511-a905-490e-b9ae-11e07fc503f8/screenshot [39m[32m200[39m [90m1078 ms - 737996[39m [90m[39m
[38;5;67m[43124511][0m[38;5;86m[HTTP][0m [37m-->[39m [37mDELETE[39m [37m/wd/hub/session/43124511-a905-490e-b9ae-11e07fc503f8[39m [90m{}[39m
[38;5;67m[43124511][0m[38;5;214m[AppiumDriver@6fbd][0m Removing session 43124511-a905-490e-b9ae-11e07fc503f8 from our master session list
[38;5;67m[43124511][0m[38;5;-7m[AndroidUiautomator2Driver@3ebf][0m Restoring hidden api policy to the device default configuration
[38;5;67m[43124511][0m[38;5;86m[HTTP][0m [37m-->[39m [37mDELETE[39m [37m/wd/hub/session/43124511-a905-490e-b9ae-11e07fc503f8[39m [90m{}[39m
[38;5;67m[43124511][0m[38;5;86m[HTTP][0m [37m<-- DELETE /wd/hub/session/43124511-a905-490e-b9ae-11e07fc503f8 [39m[33m404[39m [90m69 ms - 3341[39m [90m[39m
[38;5;67m[43124511][0m[38;5;86m[HTTP][0m [37m<-- DELETE /wd/hub/session/43124511-a905-490e-b9ae-11e07fc503f8 [39m[32m200[39m [90m2265 ms - 14[39m [90m[39m
